// Jest Snapshot v1, https://goo.gl/fbAQLP

exports[`MobileDropdownItem 1`] = `
<div>
  <a
    class="dropdown-item"
    href="#some-anchor"
  >
    Some Title
  </a>
</div>
`;
