// Jest Snapshot v1, https://goo.gl/fbAQLP

exports[`MobileNavBar 1`] = `
<div>
  <nav
    class="navbar navbar-expand-md navbar-dark bg-dark sticky-top"
  >
    <a
      class="navbar-brand"
      href="#home"
    >
      Faith Pellas
    </a>
    <button
      aria-controls="responsive-navbar-nav"
      aria-label="Toggle navigation"
      class="navbar-toggler collapsed"
      type="button"
    >
      <span
        class="navbar-toggler-icon"
      />
    </button>
    <div
      class="navbar-collapse collapse"
      id="responsive-navbar-nav"
    >
      <div
        class="mr-auto navbar-nav"
      >
        <div
          class="dropdown nav-item"
        >
          <a
            aria-expanded="false"
            aria-haspopup="true"
            class="dropdown-toggle nav-link"
            href="#"
            id="collapsible-nav-dropdown-about"
            role="button"
          >
            About
          </a>
        </div>
        <div
          class="dropdown nav-item"
        >
          <a
            aria-expanded="false"
            aria-haspopup="true"
            class="dropdown-toggle nav-link"
            href="#"
            id="collapsible-nav-dropdown-phonemes"
            role="button"
          >
            Phonemes
          </a>
        </div>
        <a
          class="nav-link"
          data-rb-event-key="#stress"
          href="#stress"
        >
          Stress
        </a>
        <div
          class="dropdown nav-item"
        >
          <a
            aria-expanded="false"
            aria-haspopup="true"
            class="dropdown-toggle nav-link"
            href="#"
            id="collapsible-nav-dropdown-intonation"
            role="button"
          >
            Intonation
          </a>
        </div>
        <a
          class="nav-link"
          data-rb-event-key="#quiz"
          href="#quiz"
        >
          Quiz
        </a>
      </div>
    </div>
  </nav>
</div>
`;
