// Jest Snapshot v1, https://goo.gl/fbAQLP

exports[`Phonemes 1`] = `
<div>
  <div
    class="block-2"
  >
    <div
      class="article"
    >
      <h3
        class="h3-title"
      >
        Phonemes
      </h3>
      <div>
        According to the 
        International Phonetic Alphabet
         (IPA), there are 26 letters and 44 phonemes (or sounds) in the English alphabet. These letters are divided into two categories:
         
        <a
          class="clickable-page"
          href="#vowels"
        >
          vowels
        </a>
         
        and
         
        <a
          class="clickable-page"
          href="#consonants"
        >
          consonants
        </a>
        .
      </div>
      <br />
      <div>
        <div
          class="note"
        >
          Note:
        </div>
         Phonemes should not rely on the word’s spelling. For example, the word m
        <i>
          <b>
            oo
          </b>
        </i>
        n is not spelled with the letter ‘u’, yet is produced with the long /u/ phoneme.
         
      </div>
      <img
        alt="Learn the Art of Speaking American English"
        class="margin-top half-img"
        src="https://raw.githubusercontent.com/fbpellas/fbpellas.github.io/main/public/img/IPA chart.jpg"
      />
    </div>
  </div>
</div>
`;
