// Jest Snapshot v1, https://goo.gl/fbAQLP

exports[`PhonemesTable 1`] = `
<div>
  <table>
    <thead>
      <tr>
        <th>
          <div
            class="text-center"
          >
            Phonemes
          </div>
        </th>
        <th
          class="text-center"
        >
          <div
            class="text-center"
          >
            Grapheme
          </div>
        </th>
        <th
          class="text-center"
        >
          Examples
        </th>
      </tr>
    </thead>
    <tbody>
      <tr>
        <td>
          <svg
            class="play-icon"
            fill="currentColor"
            height="1em"
            stroke="currentColor"
            stroke-width="0"
            viewBox="0 0 20 20"
            width="1em"
            xmlns="http://www.w3.org/2000/svg"
          >
            <path
              clip-rule="evenodd"
              d="M10 18a8 8 0 100-16 8 8 0 000 16zM9.555 7.168A1 1 0 008 8v4a1 1 0 001.555.832l3-2a1 1 0 000-1.664l-3-2z"
              fill-rule="evenodd"
            />
          </svg>
          /aɪ/
        </td>
        <td>
          i, igh, y, ie
        </td>
        <td>
          <svg
            class="play-icon"
            fill="currentColor"
            height="1em"
            stroke="currentColor"
            stroke-width="0"
            viewBox="0 0 20 20"
            width="1em"
            xmlns="http://www.w3.org/2000/svg"
          >
            <path
              clip-rule="evenodd"
              d="M10 18a8 8 0 100-16 8 8 0 000 16zM9.555 7.168A1 1 0 008 8v4a1 1 0 001.555.832l3-2a1 1 0 000-1.664l-3-2z"
              fill-rule="evenodd"
            />
          </svg>
          <div
            class="text-inline"
          >
            <div
              class="text-inline nowrap"
            >
              <u>
                i
              </u>
              ce
            </div>
            ,
             
          </div>
          <div
            class="text-inline"
          >
            <div
              class="text-inline nowrap"
            >
              b
              <u>
                ye
              </u>
            </div>
            ,
             
          </div>
          <div
            class="text-inline"
          >
            <div
              class="text-inline nowrap"
            >
              l
              <u>
                i
              </u>
              me
            </div>
            ,
             
          </div>
          <div
            class="text-inline"
          >
            <div
              class="text-inline nowrap"
            >
              f
              <u>
                igh
              </u>
              t
            </div>
            ,
             
          </div>
          <div
            class="text-inline nowrap"
          >
            sk
            <u>
              y
            </u>
          </div>
        </td>
      </tr>
      <tr>
        <td>
          <svg
            class="play-icon"
            fill="currentColor"
            height="1em"
            stroke="currentColor"
            stroke-width="0"
            viewBox="0 0 20 20"
            width="1em"
            xmlns="http://www.w3.org/2000/svg"
          >
            <path
              clip-rule="evenodd"
              d="M10 18a8 8 0 100-16 8 8 0 000 16zM9.555 7.168A1 1 0 008 8v4a1 1 0 001.555.832l3-2a1 1 0 000-1.664l-3-2z"
              fill-rule="evenodd"
            />
          </svg>
          /eɪ/
        </td>
        <td>
          a, a-e, ai, ay, eigh, ey
        </td>
        <td>
          <svg
            class="play-icon"
            fill="currentColor"
            height="1em"
            stroke="currentColor"
            stroke-width="0"
            viewBox="0 0 20 20"
            width="1em"
            xmlns="http://www.w3.org/2000/svg"
          >
            <path
              clip-rule="evenodd"
              d="M10 18a8 8 0 100-16 8 8 0 000 16zM9.555 7.168A1 1 0 008 8v4a1 1 0 001.555.832l3-2a1 1 0 000-1.664l-3-2z"
              fill-rule="evenodd"
            />
          </svg>
          <div
            class="text-inline"
          >
            <div
              class="text-inline nowrap"
            >
              <u>
                a
              </u>
              corn
            </div>
            ,
             
          </div>
          <div
            class="text-inline"
          >
            <div
              class="text-inline nowrap"
            >
              j
              <u>
                a
              </u>
              d
              <u>
                e
              </u>
            </div>
            ,
             
          </div>
          <div
            class="text-inline"
          >
            <div
              class="text-inline nowrap"
            >
              p
              <u>
                ai
              </u>
              d
            </div>
            ,
             
          </div>
          <div
            class="text-inline"
          >
            <div
              class="text-inline nowrap"
            >
              w
              <u>
                eigh
              </u>
              t
            </div>
            ,
             
          </div>
          <div
            class="text-inline nowrap"
          >
            h
            <u>
              ey
            </u>
          </div>
        </td>
      </tr>
    </tbody>
  </table>
</div>
`;
