// Jest Snapshot v1, https://goo.gl/fbAQLP

exports[`QuizCarousel 1`] = `
<div>
  <div
    class="carousel-custom carousel slide"
  >
    <ol
      class="carousel-indicators"
    >
      <li />
      <li />
      <li />
      <li />
      <li
        class="active"
      />
      <li />
    </ol>
    <div
      class="carousel-inner"
    >
      <div
        class="carousel-item"
      >
        <img
          alt="Odd Phoneme Out"
          class="d-block w-100"
          src="https://raw.githubusercontent.com/fbpellas/fbpellas.github.io/main/public/img/quiz/ODD PHON.png"
        />
      </div>
      <div
        class="carousel-item"
      >
        <img
          alt="Phonetic Spelling"
          class="d-block w-100"
          src="https://raw.githubusercontent.com/fbpellas/fbpellas.github.io/main/public/img/quiz/PHONETIC SPELL.png"
        />
      </div>
      <div
        class="carousel-item"
      >
        <img
          alt="Same Words, Different Stress"
          class="d-block w-100"
          src="https://raw.githubusercontent.com/fbpellas/fbpellas.github.io/main/public/img/quiz/SAME WORDS.png"
        />
      </div>
      <div
        class="carousel-item"
      >
        <img
          alt="Whereâ€™s the Stress?"
          class="d-block w-100"
          src="https://raw.githubusercontent.com/fbpellas/fbpellas.github.io/main/public/img/quiz/WHERES THE STRESS bis.png"
        />
      </div>
      <div
        class="active carousel-item"
      >
        <img
          alt="Guess the Pattern"
          class="d-block w-100"
          src="https://raw.githubusercontent.com/fbpellas/fbpellas.github.io/main/public/img/quiz/GUESS THE PATTERN.png"
        />
      </div>
      <div
        class="carousel-item"
      >
        <img
          alt="Shopping for a Present"
          class="d-block w-100"
          src="https://raw.githubusercontent.com/fbpellas/fbpellas.github.io/main/public/img/quiz/SHOPPING.png"
        />
      </div>
    </div>
    <a
      class="carousel-control-prev"
      href="#"
      role="button"
    >
      <span
        aria-hidden="true"
        class="carousel-control-prev-icon"
      />
      <span
        class="sr-only"
      >
        Previous
      </span>
    </a>
    <a
      class="carousel-control-next"
      href="#"
      role="button"
    >
      <span
        aria-hidden="true"
        class="carousel-control-next-icon"
      />
      <span
        class="sr-only"
      >
        Next
      </span>
    </a>
  </div>
</div>
`;
